Traceback (most recent call last):
  File "/home/elural2@upvnet.upv.es/stereotype_detection_through_steering_vectors/scripts/train_steering_vector.py", line 253, in <module>
    main()
  File "/home/elural2@upvnet.upv.es/stereotype_detection_through_steering_vectors/scripts/train_steering_vector.py", line 216, in main
    dataset = build_dataset_from_tweets(
  File "/home/elural2@upvnet.upv.es/stereotype_detection_through_steering_vectors/scripts/train_steering_vector.py", line 172, in build_dataset_from_tweets
    df = _load_csv(csv_path, {tweet_col}, sep, num_sents)
  File "/home/elural2@upvnet.upv.es/stereotype_detection_through_steering_vectors/scripts/train_steering_vector.py", line 109, in _load_csv
    df = pd.read_csv(csv_path, sep=sep)
  File "/home/elural2@upvnet.upv.es/stereotype_detection_through_steering_vectors/.venv/lib/python3.10/site-packages/pandas/io/parsers/readers.py", line 1026, in read_csv
    return _read(filepath_or_buffer, kwds)
  File "/home/elural2@upvnet.upv.es/stereotype_detection_through_steering_vectors/.venv/lib/python3.10/site-packages/pandas/io/parsers/readers.py", line 620, in _read
    parser = TextFileReader(filepath_or_buffer, **kwds)
  File "/home/elural2@upvnet.upv.es/stereotype_detection_through_steering_vectors/.venv/lib/python3.10/site-packages/pandas/io/parsers/readers.py", line 1620, in __init__
    self._engine = self._make_engine(f, self.engine)
  File "/home/elural2@upvnet.upv.es/stereotype_detection_through_steering_vectors/.venv/lib/python3.10/site-packages/pandas/io/parsers/readers.py", line 1880, in _make_engine
    self.handles = get_handle(
  File "/home/elural2@upvnet.upv.es/stereotype_detection_through_steering_vectors/.venv/lib/python3.10/site-packages/pandas/io/common.py", line 873, in get_handle
    handle = open(
FileNotFoundError: [Errno 2] No such file or directory: 'data/stereotype_subset_200_es.csv'
